Archive member included because of file (symbol)

/home/lithium/Documents/arm-2011q3/bin/../lib/gcc/arm-none-eabi/4.6.1/thumb2/libgcc.a(_arm_addsubdf3.o)
                              build/obj/main.o (__aeabi_i2d)
/home/lithium/Documents/arm-2011q3/bin/../lib/gcc/arm-none-eabi/4.6.1/thumb2/libgcc.a(_arm_muldivdf3.o)
                              build/obj/main.o (__aeabi_dmul)
/home/lithium/Documents/arm-2011q3/bin/../lib/gcc/arm-none-eabi/4.6.1/thumb2/libgcc.a(_arm_fixdfsi.o)
                              build/obj/main.o (__aeabi_d2iz)

Discarded input sections

 .text          0x00000000        0x0 build/obj/crt0.o
 .data          0x00000000        0x0 build/obj/crt0.o
 .bss           0x00000000        0x0 build/obj/crt0.o
 .text.__early_init
                0x00000000       0x10 build/obj/crt0.o
 .text          0x00000000        0x0 build/obj/vectors.o
 .data          0x00000000        0x0 build/obj/vectors.o
 .bss           0x00000000        0x0 build/obj/vectors.o
 .text          0x00000000        0x0 build/obj/chcore.o
 .data          0x00000000        0x0 build/obj/chcore.o
 .bss           0x00000000        0x0 build/obj/chcore.o
 .text          0x00000000        0x0 build/obj/chcore_v7m.o
 .data          0x00000000        0x0 build/obj/chcore_v7m.o
 .bss           0x00000000        0x0 build/obj/chcore_v7m.o
 .text          0x00000000        0x0 build/obj/nvic.o
 .data          0x00000000        0x0 build/obj/nvic.o
 .bss           0x00000000        0x0 build/obj/nvic.o
 .text.nvicDisableVector
                0x00000000       0x40 build/obj/nvic.o
 .text          0x00000000        0x0 build/obj/chsys.o
 .data          0x00000000        0x0 build/obj/chsys.o
 .bss           0x00000000        0x0 build/obj/chsys.o
 .text          0x00000000        0x0 build/obj/chdebug.o
 .data          0x00000000        0x0 build/obj/chdebug.o
 .bss           0x00000000        0x0 build/obj/chdebug.o
 .debug_info    0x00000000       0x7a build/obj/chdebug.o
 .debug_abbrev  0x00000000       0x2a build/obj/chdebug.o
 .debug_line    0x00000000       0x1d build/obj/chdebug.o
 .debug_str     0x00000000       0xfd build/obj/chdebug.o
 .comment       0x00000000       0x31 build/obj/chdebug.o
 .ARM.attributes
                0x00000000       0x33 build/obj/chdebug.o
 .text          0x00000000        0x0 build/obj/chlists.o
 .data          0x00000000        0x0 build/obj/chlists.o
 .bss           0x00000000        0x0 build/obj/chlists.o
 .debug_info    0x00000000       0x7a build/obj/chlists.o
 .debug_abbrev  0x00000000       0x2a build/obj/chlists.o
 .debug_line    0x00000000       0x1d build/obj/chlists.o
 .debug_str     0x00000000       0xfd build/obj/chlists.o
 .comment       0x00000000       0x31 build/obj/chlists.o
 .ARM.attributes
                0x00000000       0x33 build/obj/chlists.o
 .text          0x00000000        0x0 build/obj/chvt.o
 .data          0x00000000        0x0 build/obj/chvt.o
 .bss           0x00000000        0x0 build/obj/chvt.o
 .text          0x00000000        0x0 build/obj/chschd.o
 .data          0x00000000        0x0 build/obj/chschd.o
 .bss           0x00000000        0x0 build/obj/chschd.o
 .text          0x00000000        0x0 build/obj/chthreads.o
 .data          0x00000000        0x0 build/obj/chthreads.o
 .bss           0x00000000        0x0 build/obj/chthreads.o
 .text.chThdSetPriority
                0x00000000       0x30 build/obj/chthreads.o
 .text.chThdResume
                0x00000000       0x20 build/obj/chthreads.o
 .text.chThdTerminate
                0x00000000       0x20 build/obj/chthreads.o
 .text.chThdSleepUntil
                0x00000000       0x30 build/obj/chthreads.o
 .text.chThdYield
                0x00000000       0x30 build/obj/chthreads.o
 .text.chThdWait
                0x00000000       0x40 build/obj/chthreads.o
 .text          0x00000000        0x0 build/obj/chdynamic.o
 .data          0x00000000        0x0 build/obj/chdynamic.o
 .bss           0x00000000        0x0 build/obj/chdynamic.o
 .text.chThdAddRef
                0x00000000       0x20 build/obj/chdynamic.o
 .text.chThdRelease
                0x00000000       0x50 build/obj/chdynamic.o
 .text.chThdCreateFromHeap
                0x00000000       0x40 build/obj/chdynamic.o
 .text.chThdCreateFromMemoryPool
                0x00000000       0x50 build/obj/chdynamic.o
 .debug_info    0x00000000      0x779 build/obj/chdynamic.o
 .debug_abbrev  0x00000000      0x19f build/obj/chdynamic.o
 .debug_loc     0x00000000      0x2b5 build/obj/chdynamic.o
 .debug_aranges
                0x00000000       0x38 build/obj/chdynamic.o
 .debug_ranges  0x00000000       0x28 build/obj/chdynamic.o
 .debug_line    0x00000000      0x230 build/obj/chdynamic.o
 .debug_str     0x00000000      0x388 build/obj/chdynamic.o
 .comment       0x00000000       0x31 build/obj/chdynamic.o
 .ARM.attributes
                0x00000000       0x33 build/obj/chdynamic.o
 .debug_frame   0x00000000       0x7c build/obj/chdynamic.o
[...]
Memory Configuration

Name             Origin             Length             Attributes
flash            0x08000000         0x00100000
ram              0x20000000         0x0001c000
ethram           0x2001c000         0x00004000
ccmram           0x10000000         0x00010000
*default*        0x00000000         0xffffffff

Linker script and memory map

LOAD build/obj/crt0.o
LOAD build/obj/vectors.o
LOAD build/obj/chcore.o
LOAD build/obj/chcore_v7m.o
LOAD build/obj/nvic.o
LOAD build/obj/chsys.o
LOAD build/obj/chdebug.o
LOAD build/obj/chlists.o
LOAD build/obj/chvt.o
LOAD build/obj/chschd.o
LOAD build/obj/chthreads.o
LOAD build/obj/chdynamic.o
LOAD build/obj/chregistry.o
LOAD build/obj/chsem.o
LOAD build/obj/chmtx.o
LOAD build/obj/chcond.o
LOAD build/obj/chevents.o
LOAD build/obj/chmsg.o
LOAD build/obj/chmboxes.o
LOAD build/obj/chqueues.o
LOAD build/obj/chmemcore.o
LOAD build/obj/chheap.o
LOAD build/obj/chmempools.o
LOAD build/obj/hal.o
LOAD build/obj/adc.o
LOAD build/obj/can.o
LOAD build/obj/ext.o
LOAD build/obj/gpt.o
LOAD build/obj/i2c.o
LOAD build/obj/icu.o
LOAD build/obj/mac.o
LOAD build/obj/mmc_spi.o
LOAD build/obj/mmcsd.o
LOAD build/obj/pal.o
LOAD build/obj/pwm.o
LOAD build/obj/rtc.o
LOAD build/obj/sdc.o
LOAD build/obj/serial.o
LOAD build/obj/serial_usb.o
LOAD build/obj/spi.o
LOAD build/obj/tm.o
LOAD build/obj/uart.o
LOAD build/obj/usb.o
LOAD build/obj/stm32_dma.o
LOAD build/obj/hal_lld.o
LOAD build/obj/adc_lld.o
LOAD build/obj/ext_lld_isr.o
LOAD build/obj/can_lld.o
LOAD build/obj/ext_lld.o
LOAD build/obj/mac_lld.o
LOAD build/obj/sdc_lld.o
LOAD build/obj/pal_lld.o
LOAD build/obj/i2c_lld.o
LOAD build/obj/usb_lld.o
LOAD build/obj/rtc_lld.o
LOAD build/obj/spi_lld.o
LOAD build/obj/gpt_lld.o
LOAD build/obj/icu_lld.o
LOAD build/obj/pwm_lld.o
LOAD build/obj/serial_lld.o
LOAD build/obj/uart_lld.o
LOAD build/obj/board.o
LOAD build/obj/lis302dl.o
LOAD build/obj/chprintf.o
LOAD build/obj/main.o
                0x00000400                __main_stack_size__ = 0x400
                0x00000400                __process_stack_size__ = 0x400
                0x20000000                __ram_start__ = ORIGIN (ram)
                0x0001c000                __ram_size__ = 0x1c000
                0x2001c000                __ram_end__ = (__ram_start__ + __ram_size__)
                0x00000000                . = 0x0
                0x00000000                _text = .

startup         0x08000000      0x1ac
 *(vectors)
 vectors        0x08000000      0x1ac build/obj/vectors.o
                0x08000000                _vectors

constructors    0x080001ac        0x0
                0x080001ac                PROVIDE (__init_array_start, .)
 *(SORT(.init_array.*))
 *(.init_array)
                0x080001ac                PROVIDE (__init_array_end, .)

destructors     0x080001ac        0x0
                0x080001ac                PROVIDE (__fini_array_start, .)
 *(.fini_array)
 *(SORT(.fini_array.*))
                0x080001ac                PROVIDE (__fini_array_end, .)

.text           0x080001b0     0x312c
 *(.text.startup.*)
 .text.startup.main
                0x080001b0      0x3b0 build/obj/main.o
                0x080001b0                main
 *(.text)
 .text          0x08000560      0x370 /home/lithium/Documents/arm-2011q3/bin/../lib/gcc/arm-none-eabi/4.6.1/thumb2/libgcc.a(_arm_addsubdf3.o)
                0x08000560                __aeabi_drsub
                0x08000568                __aeabi_dsub
                0x08000568                __subdf3
                0x0800056c                __adddf3
                0x0800056c                __aeabi_dadd
                0x080007e4                __aeabi_ui2d
                0x080007e4                __floatunsidf
                0x08000804                __floatsidf
                0x08000804                __aeabi_i2d
                0x08000828                __extendsfdf2
                0x08000828                __aeabi_f2d
                0x08000864                __aeabi_ul2d
                0x08000864                __floatundidf
                0x08000874                __floatdidf
                0x08000874                __aeabi_l2d
 .text          0x080008d0      0x424 /home/lithium/Documents/arm-2011q3/bin/../lib/gcc/arm-none-eabi/4.6.1/thumb2/libgcc.a(_arm_muldivdf3.o)
                0x080008d0                __aeabi_dmul
                0x080008d0                __muldf3
                0x08000b24                __aeabi_ddiv
                0x08000b24                __divdf3
 *fill*         0x08000cf4        0xc 00
 .text          0x08000d00       0x50 /home/lithium/Documents/arm-2011q3/bin/../lib/gcc/arm-none-eabi/4.6.1/thumb2/libgcc.a(_arm_fixdfsi.o)
                0x08000d00                __fixdfsi
                0x08000d00                __aeabi_d2iz
 *(.text.*)
 .text.__late_init
                0x08000d50       0x10 build/obj/crt0.o
                0x08000d50                __late_init
 .text._default_exit
                0x08000d60       0x10 build/obj/crt0.o
                0x08000d60                _default_exit
 .text.ResetHandler
                0x08000d70      0x1e0 build/obj/crt0.o
                0x08000d70                ResetHandler
 .text._unhandled_exception
                0x08000f50       0x10 build/obj/vectors.o
                0x08000f50                Vector58
                0x08000f50                VectorE8
                0x08000f50                Vector9C
                0x08000f50                Vector1A0
                0x08000f50                Vector5C
                0x08000f50                NMIVector
                0x08000f50                Vector11C
                0x08000f50                Vector19C
                0x08000f50                Vector8C
                0x08000f50                VectorDC
                0x08000f50                Vector168
                0x08000f50                Vector110
                0x08000f50                VectorC8
                0x08000f50                Vector94
                0x08000f50                VectorA8
                0x08000f50                VectorB4
                0x08000f50                Vector160
                0x08000f50                VectorEC
                0x08000f50                UsageFaultVector
                0x08000f50                DebugMonitorVector
                0x08000f50                Vector40
                0x08000f50                VectorF8
                0x08000f50                Vector108
                0x08000f50                VectorBC
                0x08000f50                Vector190
                0x08000f50                Vector148
                0x08000f50                Vector188
                0x08000f50                PendSVVector
                0x08000f50                Vector198
                0x08000f50                Vector118
                0x08000f50                Vector64
                0x08000f50                VectorCC
                0x08000f50                Vector54
                0x08000f50                Vector98
                0x08000f50                Vector138
                0x08000f50                Vector24
                0x08000f50                Vector178
                0x08000f50                Vector1A4
                0x08000f50                BusFaultVector
                0x08000f50                VectorD0
                0x08000f50                Vector140
                0x08000f50                VectorE4
                0x08000f50                VectorC0
                0x08000f50                HardFaultVector
                0x08000f50                Vector134
                0x08000f50                VectorF0
                0x08000f50                Vector13C
                0x08000f50                Vector100
                0x08000f50                VectorE0
                0x08000f50                VectorF4
                0x08000f50                MemManageVector
                0x08000f50                VectorA0
                0x08000f50                VectorC4
                0x08000f50                Vector180
                0x08000f50                VectorB0
                0x08000f50                Vector90
                0x08000f50                Vector114
                0x08000f50                Vector164
                0x08000f50                Vector60
                0x08000f50                Vector1C
                0x08000f50                Vector17C
                0x08000f50                Vector48
                0x08000f50                Vector1A8
                0x08000f50                Vector16C
                0x08000f50                VectorD4
                0x08000f50                Vector4C
                0x08000f50                Vector144
                0x08000f50                Vector68
                0x08000f50                _unhandled_exception
                0x08000f50                Vector170
                0x08000f50                Vector88
                0x08000f50                Vector104
                0x08000f50                Vector184
                0x08000f50                Vector10C
                0x08000f50                Vector14C
                0x08000f50                Vector50
                0x08000f50                Vector194
                0x08000f50                Vector44
                0x08000f50                Vector28
                0x08000f50                VectorB8
                0x08000f50                Vector34
                0x08000f50                Vector20
                0x08000f50                Vector18C
                0x08000f50                Vector174
 .text.port_halt
                0x08000f60       0x10 build/obj/chcore.o
                0x08000f60                port_halt
 .text._port_switch_from_isr
                0x08000f70       0x10 build/obj/chcore_v7m.o
                0x08000f70                _port_switch_from_isr
 .text.SVCallVector
                0x08000f80       0x20 build/obj/chcore_v7m.o
                0x08000f80                SVCallVector
 .text._port_init
                0x08000fa0       0x40 build/obj/chcore_v7m.o
                0x08000fa0                _port_init
 .text._port_irq_epilogue
                0x08000fe0       0x80 build/obj/chcore_v7m.o
                0x08000fe0                _port_irq_epilogue
 .text.SysTickVector
                0x08001060       0x20 build/obj/chcore_v7m.o
                0x08001060                SysTickVector
 .text._port_switch
                0x08001080       0x10 build/obj/chcore_v7m.o
                0x08001080                _port_switch
 .text._port_thread_start
                0x08001090       0x10 build/obj/chcore_v7m.o
                0x08001090                _port_thread_start
 .text.nvicEnableVector
                0x080010a0       0x50 build/obj/nvic.o
                0x080010a0                nvicEnableVector
 .text.nvicSetSystemHandlerPriority
                0x080010f0       0x30 build/obj/nvic.o
                0x080010f0                nvicSetSystemHandlerPriority
 .text._idle_thread
                0x08001120       0x20 build/obj/chsys.o
                0x08001120                _idle_thread
 .text.chSysInit
                0x08001140       0x70 build/obj/chsys.o
                0x08001140                chSysInit
 .text.chSysTimerHandlerI
                0x080011b0       0x60 build/obj/chsys.o
                0x080011b0                chSysTimerHandlerI
 .text._vt_init
                0x08001210       0x20 build/obj/chvt.o
                0x08001210                _vt_init
 .text.chVTSetI
                0x08001230       0x40 build/obj/chvt.o
                0x08001230                chVTSetI
 .text.chVTResetI
                0x08001270       0x30 build/obj/chvt.o
                0x08001270                chVTResetI
 .text.wakeup   0x080012a0       0x60 build/obj/chschd.o
 .text._scheduler_init
                0x08001300       0x20 build/obj/chschd.o
                0x08001300                _scheduler_init
 .text.chSchReadyI
                0x08001320       0x30 build/obj/chschd.o
                0x08001320                chSchReadyI
 .text.chSchGoSleepS
                0x08001350       0x30 build/obj/chschd.o
                0x08001350                chSchGoSleepS
 .text.chSchGoSleepTimeoutS
                0x08001380       0x50 build/obj/chschd.o
                0x08001380                chSchGoSleepTimeoutS
 .text.chSchWakeupS
                0x080013d0       0x60 build/obj/chschd.o
                0x080013d0                chSchWakeupS
 .text.chSchDoRescheduleBehind
                0x08001430       0x40 build/obj/chschd.o
                0x08001430                chSchDoRescheduleBehind
 .text.chSchDoRescheduleAhead
                0x08001470       0x40 build/obj/chschd.o
                0x08001470                chSchDoRescheduleAhead
 .text.chSchRescheduleS
                0x080014b0       0x20 build/obj/chschd.o
                0x080014b0                chSchRescheduleS
 .text.chSchDoReschedule
                0x080014d0       0x20 build/obj/chschd.o
                0x080014d0                chSchDoReschedule
 .text._thread_init
                0x080014f0       0x50 build/obj/chthreads.o
                0x080014f0                _thread_init
 .text.chThdCreateI
                0x08001540       0x70 build/obj/chthreads.o
                0x08001540                chThdCreateI
 .text.chThdCreateStatic
                0x080015b0       0x30 build/obj/chthreads.o
                0x080015b0                chThdCreateStatic
 .text.chThdSleep
                0x080015e0       0x20 build/obj/chthreads.o
                0x080015e0                chThdSleep
 .text.chThdExitS
                0x08001600       0x50 build/obj/chthreads.o
                0x08001600                chThdExitS
 .text.chThdExit
                0x08001650       0x10 build/obj/chthreads.o
                0x08001650                chThdExit
 .text.chSemInit
                0x08001660       0x10 build/obj/chsem.o
                0x08001660                chSemInit
 .text.chSemWaitTimeoutS
                0x08001670       0x40 build/obj/chsem.o
                0x08001670                chSemWaitTimeoutS
 .text.chSemSignalI
                0x080016b0       0x20 build/obj/chsem.o
                0x080016b0                chSemSignalI
 .text.chMtxInit
                0x080016d0       0x10 build/obj/chmtx.o
                0x080016d0                chMtxInit
 .text.chMBInit
                0x080016e0       0x30 build/obj/chmboxes.o
                0x080016e0                chMBInit
 .text.chMBPostI
                0x08001710       0x30 build/obj/chmboxes.o
                0x08001710                chMBPostI
 .text.chMBFetchS
                0x08001740       0x40 build/obj/chmboxes.o
                0x08001740                chMBFetchS
 .text.chMBFetch
                0x08001780       0x20 build/obj/chmboxes.o
                0x08001780                chMBFetch
 .text._core_init
                0x080017a0       0x30 build/obj/chmemcore.o
                0x080017a0                _core_init
 .text.chCoreAlloc
                0x080017d0       0x40 build/obj/chmemcore.o
                0x080017d0                chCoreAlloc
 .text._heap_init
                0x08001810       0x20 build/obj/chheap.o
                0x08001810                _heap_init
 .text.halInit  0x08001830       0x30 build/obj/hal.o
                0x08001830                halInit
 .text.pwmInit  0x08001860       0x10 build/obj/pwm.o
                0x08001860                pwmInit
 .text.pwmObjectInit
                0x08001870       0x10 build/obj/pwm.o
                0x08001870                pwmObjectInit
 .text.pwmStart
                0x08001880       0x20 build/obj/pwm.o
                0x08001880                pwmStart
 .text.pwmEnableChannel
                0x080018a0       0x20 build/obj/pwm.o
                0x080018a0                pwmEnableChannel
 .text.spiInit  0x080018c0       0x10 build/obj/spi.o
                0x080018c0                spiInit
 .text.spiObjectInit
                0x080018d0       0x10 build/obj/spi.o
                0x080018d0                spiObjectInit
 .text.uartInit
                0x080018e0       0x10 build/obj/uart.o
                0x080018e0                uartInit
 .text.uartObjectInit
                0x080018f0       0x10 build/obj/uart.o
                0x080018f0                uartObjectInit
 .text.uartStart
                0x08001900       0x20 build/obj/uart.o
                0x08001900                uartStart
 .text.uartStartSend
                0x08001920       0x20 build/obj/uart.o
                0x08001920                uartStartSend
 .text.uartStopSend
                0x08001940       0x30 build/obj/uart.o
                0x08001940                uartStopSend
 .text.uartStartReceive
                0x08001970       0x20 build/obj/uart.o
                0x08001970                uartStartReceive
 .text.uartStopReceive
                0x08001990       0x30 build/obj/uart.o
                0x08001990                uartStopReceive
 .text.Vector6C
                0x080019c0       0x30 build/obj/stm32_dma.o
                0x080019c0                Vector6C
 .text.Vector70
                0x080019f0       0x30 build/obj/stm32_dma.o
                0x080019f0                Vector70
 .text.Vector74
                0x08001a20       0x30 build/obj/stm32_dma.o
                0x08001a20                Vector74
 .text.Vector78
                0x08001a50       0x30 build/obj/stm32_dma.o
                0x08001a50                Vector78
 .text.Vector7C
                0x08001a80       0x30 build/obj/stm32_dma.o
                0x08001a80                Vector7C
 .text.Vector80
                0x08001ab0       0x30 build/obj/stm32_dma.o
                0x08001ab0                Vector80
 .text.Vector84
                0x08001ae0       0x30 build/obj/stm32_dma.o
                0x08001ae0                Vector84
 .text.VectorFC
                0x08001b10       0x30 build/obj/stm32_dma.o
                0x08001b10                VectorFC
 .text.Vector120
                0x08001b40       0x30 build/obj/stm32_dma.o
                0x08001b40                Vector120
 .text.Vector124
                0x08001b70       0x30 build/obj/stm32_dma.o
                0x08001b70                Vector124
 .text.Vector128
                0x08001ba0       0x30 build/obj/stm32_dma.o
                0x08001ba0                Vector128
 .text.Vector12C
                0x08001bd0       0x30 build/obj/stm32_dma.o
                0x08001bd0                Vector12C
 .text.Vector130
                0x08001c00       0x30 build/obj/stm32_dma.o
                0x08001c00                Vector130
 .text.Vector150
                0x08001c30       0x30 build/obj/stm32_dma.o
                0x08001c30                Vector150
 .text.Vector154
                0x08001c60       0x30 build/obj/stm32_dma.o
                0x08001c60                Vector154
 .text.Vector158
                0x08001c90       0x30 build/obj/stm32_dma.o
                0x08001c90                Vector158
 .text.dmaInit  0x08001cc0      0x130 build/obj/stm32_dma.o
                0x08001cc0                dmaInit
 .text.dmaStreamAllocate
                0x08001df0       0xb0 build/obj/stm32_dma.o
                0x08001df0                dmaStreamAllocate
 .text.hal_lld_init
                0x08001ea0       0xd0 build/obj/hal_lld.o
                0x08001ea0                hal_lld_init
 .text.stm32_clock_init
                0x08001f70      0x110 build/obj/hal_lld.o
                0x08001f70                stm32_clock_init
 .text._pal_lld_init
                0x08002080      0x1f0 build/obj/pal_lld.o
                0x08002080                _pal_lld_init
 .text._pal_lld_setgroupmode
                0x08002270       0xc0 build/obj/pal_lld.o
                0x08002270                _pal_lld_setgroupmode
 .text.spi_lld_init
                0x08002330       0x50 build/obj/spi_lld.o
                0x08002330                spi_lld_init
 .text.VectorA4
                0x08002380       0x30 build/obj/pwm_lld.o
                0x08002380                VectorA4
 .text.VectorAC
                0x080023b0       0x80 build/obj/pwm_lld.o
                0x080023b0                VectorAC
 .text.pwm_lld_init
                0x08002430       0x20 build/obj/pwm_lld.o
                0x08002430                pwm_lld_init
 .text.pwm_lld_start
                0x08002450      0x130 build/obj/pwm_lld.o
                0x08002450                pwm_lld_start
 .text.pwm_lld_enable_channel
                0x08002580       0x40 build/obj/pwm_lld.o
                0x08002580                pwm_lld_enable_channel
 .text.set_rx_idle_loop
                0x080025c0       0x30 build/obj/uart_lld.o
 .text.usart_stop
                0x080025f0       0x50 build/obj/uart_lld.o
 .text.serve_usart_irq
                0x08002640       0x80 build/obj/uart_lld.o
 .text.uart_lld_serve_tx_end_irq
                0x080026c0       0x60 build/obj/uart_lld.o
 .text.uart_lld_serve_rx_end_irq
                0x08002720       0x70 build/obj/uart_lld.o
 .text.VectorD8
                0x08002790       0x20 build/obj/uart_lld.o
                0x08002790                VectorD8
 .text.Vector15C
                0x080027b0       0x20 build/obj/uart_lld.o
                0x080027b0                Vector15C
 .text.uart_lld_init
                0x080027d0       0x50 build/obj/uart_lld.o
                0x080027d0                uart_lld_init
 .text.uart_lld_start
                0x08002820      0x180 build/obj/uart_lld.o
                0x08002820                uart_lld_start
 .text.uart_lld_start_send
                0x080029a0       0x20 build/obj/uart_lld.o
                0x080029a0                uart_lld_start_send
 .text.uart_lld_stop_send
                0x080029c0       0x20 build/obj/uart_lld.o
                0x080029c0                uart_lld_stop_send
 .text.uart_lld_start_receive
                0x080029e0       0x40 build/obj/uart_lld.o
                0x080029e0                uart_lld_start_receive
 .text.uart_lld_stop_receive
                0x08002a20       0x30 build/obj/uart_lld.o
                0x08002a20                uart_lld_stop_receive
 .text.__early_init
                0x08002a50       0x10 build/obj/board.o
                0x08002a50                __early_init
 .text.boardInit
                0x08002a60       0x10 build/obj/board.o
                0x08002a60                boardInit
 .text.txend1   0x08002a70       0x10 build/obj/main.o
 .text.txend2   0x08002a80       0x10 build/obj/main.o
 .text.rxerr    0x08002a90       0x10 build/obj/main.o
 .text.rxchar   0x08002aa0       0x10 build/obj/main.o
 .text.Thread1  0x08002ab0       0x40 build/obj/main.o
 .text.Thread5  0x08002af0       0x60 build/obj/main.o
 .text.Thread4  0x08002b50       0x70 build/obj/main.o
 .text.Thread3  0x08002bc0       0x60 build/obj/main.o
 .text.Thread2  0x08002c20       0x60 build/obj/main.o
 .text.ControlPWM
                0x08002c80      0x2c0 build/obj/main.o
                0x08002c80                ControlPWM
 .text.rxend    0x08002f40      0x1b0 build/obj/main.o
 *(.rodata)
 *(.rodata.*)
 .rodata.str1.4
                0x080030f0        0x8 build/obj/chsys.o
 *fill*         0x080030f8        0x8 00
 .rodata.ch_debug
                0x08003100       0x18 build/obj/chregistry.o
                0x08003100                ch_debug
 *fill*         0x08003118        0x8 00
 .rodata._stm32_dma_streams
                0x08003120       0xc0 build/obj/stm32_dma.o
                0x08003120                _stm32_dma_streams
 .rodata.pal_default_config
                0x080031e0       0xfc build/obj/board.o
                0x080031e0                pal_default_config
 *(.glue_7t)
 .glue_7t       0x00000000        0x0 linker stubs
 *(.glue_7)
 .glue_7        0x00000000        0x0 linker stubs
 *(.gcc*)

.vfp11_veneer   0x080032dc        0x0
 .vfp11_veneer  0x00000000        0x0 linker stubs

.v4_bx          0x080032dc        0x0
 .v4_bx         0x00000000        0x0 linker stubs

.iplt           0x080032dc        0x0
 .iplt          0x00000000        0x0 build/obj/crt0.o

.rel.dyn        0x080032dc        0x0
 .rel.iplt      0x00000000        0x0 build/obj/crt0.o

.ARM.extab
 *(.ARM.extab* .gnu.linkonce.armextab.*)

.ARM.exidx      0x080032dc        0x0
                0x080032dc                PROVIDE (__exidx_start, .)
 *(.ARM.exidx* .gnu.linkonce.armexidx.*)
                0x080032dc                PROVIDE (__exidx_end, .)

.eh_frame_hdr
 *(.eh_frame_hdr)

.eh_frame
 *(.eh_frame)

.textalign      0x080032dc        0x4
                0x080032e0                . = ALIGN (0x8)
 *fill*         0x080032dc        0x4 00
                0x080032e0                . = ALIGN (0x4)
                0x080032e0                _etext = .
                0x080032e0                _textdata = _etext

.stacks         0x20000000      0x800
                0x20000000                . = ALIGN (0x8)
                0x20000000                __main_stack_base__ = .
                0x20000400                . = (. + __main_stack_size__)
 *fill*         0x20000000      0x400 00
                0x20000400                . = ALIGN (0x8)
                0x20000400                __main_stack_end__ = .
                0x20000400                __process_stack_base__ = .
                0x20000400                __main_thread_stack_base__ = .
                0x20000800                . = (. + __process_stack_size__)
 *fill*         0x20000400      0x400 00
                0x20000800                . = ALIGN (0x8)
                0x20000800                __process_stack_end__ = .
                0x20000800                __main_thread_stack_end__ = .

.data           0x20000800       0x74 load address 0x080032e0
                0x20000800                . = ALIGN (0x4)
                0x20000800                PROVIDE (_data, .)
 *(.data)
 *(.data.*)
 .data.uart_cfg_1
                0x20000800       0x20 build/obj/main.o
 .data.uart_cfg_2
                0x20000820       0x20 build/obj/main.o
 .data.pwmcfg   0x20000840       0x34 build/obj/main.o
 *(.ramtext)
                0x20000874                . = ALIGN (0x4)
                0x20000874                PROVIDE (_edata, .)

.igot.plt       0x20000874        0x0 load address 0x08003354
 .igot.plt      0x00000000        0x0 build/obj/crt0.o

.bss            0x20000874     0x197c
                0x20000874                . = ALIGN (0x4)
                0x20000874                PROVIDE (_bss_start, .)
 *(.bss)
 *(.bss.*)
 .bss.mainthread.4647
                0x20000874       0x48 build/obj/chsys.o
 *fill*         0x200008bc        0x4 00
 .bss._idle_thread_wa
                0x200008c0       0xe0 build/obj/chsys.o
                0x200008c0                _idle_thread_wa
 .bss.vtlist    0x200009a0       0x10 build/obj/chvt.o
                0x200009a0                vtlist
 .bss.rlist     0x200009b0       0x1c build/obj/chschd.o
                0x200009b0                rlist
 .bss.endmem    0x200009cc        0x4 build/obj/chmemcore.o
 .bss.nextmem   0x200009d0        0x4 build/obj/chmemcore.o
 *fill*         0x200009d4        0x4 00
 .bss.default_heap
                0x200009d8       0x20 build/obj/chheap.o
 .bss.dma_isr_redir
                0x200009f8       0x80 build/obj/stm32_dma.o
 .bss.dma_streams_mask
                0x20000a78        0x4 build/obj/stm32_dma.o
 .bss.dummytx   0x20000a7c        0x2 build/obj/spi_lld.o
 *fill*         0x20000a7e        0x2 00
 .bss.SPID2     0x20000a80       0x30 build/obj/spi_lld.o
                0x20000a80                SPID2
 .bss.PWMD1     0x20000ab0       0x14 build/obj/pwm_lld.o
                0x20000ab0                PWMD1
 .bss.UARTD2    0x20000ac4       0x1c build/obj/uart_lld.o
                0x20000ac4                UARTD2
 .bss.UARTD6    0x20000ae0       0x1c build/obj/uart_lld.o
                0x20000ae0                UARTD6
 .bss.mb4       0x20000afc       0x28 build/obj/main.o
 *fill*         0x20000b24        0x4 00
 .bss.waThread1
                0x20000b28      0x150 build/obj/main.o
 .bss.waThread2
                0x20000c78      0x4e8 build/obj/main.o
 .bss.waThread4
                0x20001160      0x4e8 build/obj/main.o
 .bss.waThread5
                0x20001648      0x4e8 build/obj/main.o
 .bss.b1        0x20001b30       0x50 build/obj/main.o
 .bss.b2        0x20001b80       0x50 build/obj/main.o
 .bss.b3        0x20001bd0       0x50 build/obj/main.o
 .bss.b4        0x20001c20       0x50 build/obj/main.o
 .bss.buffer    0x20001c70       0x14 build/obj/main.o
 .bss.message   0x20001c84        0x8 build/obj/main.o
 *fill*         0x20001c8c        0x4 00
 .bss.waThread3
                0x20001c90      0x4e8 build/obj/main.o
 .bss.mb1       0x20002178       0x28 build/obj/main.o
 .bss.mb2       0x200021a0       0x28 build/obj/main.o
 .bss.mb3       0x200021c8       0x28 build/obj/main.o
 *(COMMON)
                0x200021f0                . = ALIGN (0x4)
                0x200021f0                PROVIDE (_bss_end, .)
                0x200021f0                PROVIDE (end, .)
                0x200021f0                _end = .
                0x200021f0                __heap_base__ = _end
                0x2001c000                __heap_end__ = __ram_end__
START GROUP
LOAD /home/lithium/Documents/arm-2011q3/bin/../lib/gcc/arm-none-eabi/4.6.1/thumb2/libgcc.a
LOAD /home/lithium/Documents/arm-2011q3/bin/../lib/gcc/arm-none-eabi/4.6.1/../../../../arm-none-eabi/lib/thumb2/libc.a
END GROUP
OUTPUT(build/ch.elf elf32-littlearm)

.debug_info     0x00000000     0xc838
 .debug_info    0x00000000      0x342 build/obj/crt0.o
 .debug_info    0x00000342      0x1f5 build/obj/vectors.o
 .debug_info    0x00000537       0x92 build/obj/chcore.o
 .debug_info    0x000005c9      0x7f0 build/obj/chcore_v7m.o
 .debug_info    0x00000db9      0x43e build/obj/nvic.o
 .debug_info    0x000011f7      0x7d4 build/obj/chsys.o
 .debug_info    0x000019cb      0x220 build/obj/chvt.o
 .debug_info    0x00001beb      0x8d0 build/obj/chschd.o
 .debug_info    0x000024bb      0xad0 build/obj/chthreads.o
 .debug_info    0x00002f8b      0x669 build/obj/chregistry.o
 .debug_info    0x000035f4      0x9f4 build/obj/chsem.o
 .debug_info    0x00003fe8      0x97a build/obj/chmtx.o
 .debug_info    0x00004962      0x89d build/obj/chmboxes.o
 .debug_info    0x000051ff      0x228 build/obj/chmemcore.o
 .debug_info    0x00005427      0x659 build/obj/chheap.o
 .debug_info    0x00005a80      0x371 build/obj/hal.o
 .debug_info    0x00005df1      0x621 build/obj/pwm.o
 .debug_info    0x00006412      0xee9 build/obj/spi.o
 .debug_info    0x000072fb      0x8c1 build/obj/uart.o
 .debug_info    0x00007bbc      0xa59 build/obj/stm32_dma.o
 .debug_info    0x00008615      0x4ef build/obj/hal_lld.o
 .debug_info    0x00008b04      0x772 build/obj/pal_lld.o
 .debug_info    0x00009276      0xe15 build/obj/spi_lld.o
 .debug_info    0x0000a08b      0x755 build/obj/pwm_lld.o
 .debug_info    0x0000a7e0      0xb62 build/obj/uart_lld.o
 .debug_info    0x0000b342      0x200 build/obj/board.o
 .debug_info    0x0000b542     0x12f6 build/obj/main.o

.debug_abbrev   0x00000000     0x2df3
 .debug_abbrev  0x00000000       0xe1 build/obj/crt0.o
 .debug_abbrev  0x000000e1       0xae build/obj/vectors.o
 .debug_abbrev  0x0000018f       0x41 build/obj/chcore.o
 .debug_abbrev  0x000001d0      0x18e build/obj/chcore_v7m.o
 .debug_abbrev  0x0000035e       0xfb build/obj/nvic.o
 .debug_abbrev  0x00000459      0x187 build/obj/chsys.o
 .debug_abbrev  0x000005e0      0x13b build/obj/chvt.o
 .debug_abbrev  0x0000071b      0x2ba build/obj/chschd.o
 .debug_abbrev  0x000009d5      0x2c1 build/obj/chthreads.o
 .debug_abbrev  0x00000c96      0x175 build/obj/chregistry.o
 .debug_abbrev  0x00000e0b      0x297 build/obj/chsem.o
 .debug_abbrev  0x000010a2      0x297 build/obj/chmtx.o
 .debug_abbrev  0x00001339      0x1dc build/obj/chmboxes.o
 .debug_abbrev  0x00001515      0x160 build/obj/chmemcore.o
 .debug_abbrev  0x00001675      0x1ba build/obj/chheap.o
 .debug_abbrev  0x0000182f      0x17b build/obj/hal.o
 .debug_abbrev  0x000019aa      0x16d build/obj/pwm.o
 .debug_abbrev  0x00001b17      0x234 build/obj/spi.o
 .debug_abbrev  0x00001d4b      0x222 build/obj/uart.o
 .debug_abbrev  0x00001f6d      0x199 build/obj/stm32_dma.o
 .debug_abbrev  0x00002106      0x108 build/obj/hal_lld.o
 .debug_abbrev  0x0000220e      0x1c0 build/obj/pal_lld.o
 .debug_abbrev  0x000023ce      0x25f build/obj/spi_lld.o
 .debug_abbrev  0x0000262d      0x1a3 build/obj/pwm_lld.o
 .debug_abbrev  0x000027d0      0x2f1 build/obj/uart_lld.o
 .debug_abbrev  0x00002ac1       0xa9 build/obj/board.o
 .debug_abbrev  0x00002b6a      0x289 build/obj/main.o

.debug_loc      0x00000000     0x47a1
 .debug_loc     0x00000000       0x88 build/obj/crt0.o
 .debug_loc     0x00000088       0xf4 build/obj/chcore_v7m.o
 .debug_loc     0x0000017c      0x102 build/obj/nvic.o
 .debug_loc     0x0000027e       0xed build/obj/chsys.o
 .debug_loc     0x0000036b       0x8b build/obj/chvt.o
 .debug_loc     0x000003f6      0x31c build/obj/chschd.o
 .debug_loc     0x00000712      0x51e build/obj/chthreads.o
 .debug_loc     0x00000c30       0xc0 build/obj/chregistry.o
 .debug_loc     0x00000cf0      0x59b build/obj/chsem.o
 .debug_loc     0x0000128b      0x4ce build/obj/chmtx.o
 .debug_loc     0x00001759      0x532 build/obj/chmboxes.o
 .debug_loc     0x00001c8b       0x8f build/obj/chmemcore.o
 .debug_loc     0x00001d1a      0x285 build/obj/chheap.o
 .debug_loc     0x00001f9f       0x8f build/obj/hal.o
 .debug_loc     0x0000202e      0x21e build/obj/pwm.o
 .debug_loc     0x0000224c      0x630 build/obj/spi.o
 .debug_loc     0x0000287c      0x43a build/obj/uart.o
 .debug_loc     0x00002cb6      0x52a build/obj/stm32_dma.o
 .debug_loc     0x000031e0       0x20 build/obj/hal_lld.o
 .debug_loc     0x00003200       0xf3 build/obj/pal_lld.o
 .debug_loc     0x000032f3      0x364 build/obj/spi_lld.o
 .debug_loc     0x00003657      0x1ba build/obj/pwm_lld.o
 .debug_loc     0x00003811      0x3b6 build/obj/uart_lld.o
 .debug_loc     0x00003bc7      0xbda build/obj/main.o

.debug_aranges  0x00000000      0x890
 .debug_aranges
                0x00000000       0x38 build/obj/crt0.o
 .debug_aranges
                0x00000038       0x20 build/obj/vectors.o
 .debug_aranges
                0x00000058       0x20 build/obj/chcore.o
 .debug_aranges
                0x00000078       0x50 build/obj/chcore_v7m.o
 .debug_aranges
                0x000000c8       0x30 build/obj/nvic.o
 .debug_aranges
                0x000000f8       0x30 build/obj/chsys.o
 .debug_aranges
                0x00000128       0x30 build/obj/chvt.o
 .debug_aranges
                0x00000158       0x68 build/obj/chschd.o
 .debug_aranges
                0x000001c0       0x78 build/obj/chthreads.o
 .debug_aranges
                0x00000238       0x28 build/obj/chregistry.o
 .debug_aranges
                0x00000260       0x70 build/obj/chsem.o
 .debug_aranges
                0x000002d0       0x58 build/obj/chmtx.o
 .debug_aranges
                0x00000328       0x70 build/obj/chmboxes.o
 .debug_aranges
                0x00000398       0x38 build/obj/chmemcore.o
 .debug_aranges
                0x000003d0       0x40 build/obj/chheap.o
 .debug_aranges
                0x00000410       0x30 build/obj/hal.o
 .debug_aranges
                0x00000440       0x50 build/obj/pwm.o
 .debug_aranges
                0x00000490       0x98 build/obj/spi.o
 .debug_aranges
                0x00000528       0x78 build/obj/uart.o
 .debug_aranges
                0x000005a0       0xb0 build/obj/stm32_dma.o
 .debug_aranges
                0x00000650       0x28 build/obj/hal_lld.o
 .debug_aranges
                0x00000678       0x28 build/obj/pal_lld.o
 .debug_aranges
                0x000006a0       0x78 build/obj/spi_lld.o
 .debug_aranges
                0x00000718       0x50 build/obj/pwm_lld.o
 .debug_aranges
                0x00000768       0x88 build/obj/uart_lld.o
 .debug_aranges
                0x000007f0       0x28 build/obj/board.o
 .debug_aranges
                0x00000818       0x78 build/obj/main.o

.debug_ranges   0x00000000     0x1008
 .debug_ranges  0x00000000       0x58 build/obj/crt0.o
 .debug_ranges  0x00000058       0x10 build/obj/vectors.o
 .debug_ranges  0x00000068       0x10 build/obj/chcore.o
 .debug_ranges  0x00000078       0x58 build/obj/chcore_v7m.o
 .debug_ranges  0x000000d0       0x20 build/obj/nvic.o
 .debug_ranges  0x000000f0       0x20 build/obj/chsys.o
 .debug_ranges  0x00000110       0x20 build/obj/chvt.o
 .debug_ranges  0x00000130      0x228 build/obj/chschd.o
 .debug_ranges  0x00000358       0xc8 build/obj/chthreads.o
 .debug_ranges  0x00000420       0x30 build/obj/chregistry.o
 .debug_ranges  0x00000450      0x1a8 build/obj/chsem.o
 .debug_ranges  0x000005f8      0x218 build/obj/chmtx.o
 .debug_ranges  0x00000810       0x78 build/obj/chmboxes.o
 .debug_ranges  0x00000888       0x28 build/obj/chmemcore.o
 .debug_ranges  0x000008b0       0x30 build/obj/chheap.o
 .debug_ranges  0x000008e0       0x60 build/obj/hal.o
 .debug_ranges  0x00000940       0x70 build/obj/pwm.o
 .debug_ranges  0x000009b0      0x100 build/obj/spi.o
 .debug_ranges  0x00000ab0      0x128 build/obj/uart.o
 .debug_ranges  0x00000bd8       0xa0 build/obj/stm32_dma.o
 .debug_ranges  0x00000c78       0x30 build/obj/hal_lld.o
 .debug_ranges  0x00000ca8      0x150 build/obj/pal_lld.o
 .debug_ranges  0x00000df8       0x68 build/obj/spi_lld.o
 .debug_ranges  0x00000e60       0x40 build/obj/pwm_lld.o
 .debug_ranges  0x00000ea0       0xe8 build/obj/uart_lld.o
 .debug_ranges  0x00000f88       0x18 build/obj/board.o
 .debug_ranges  0x00000fa0       0x68 build/obj/main.o

.debug_line     0x00000000     0x422b
 .debug_line    0x00000000      0x154 build/obj/crt0.o
 .debug_line    0x00000154       0xd2 build/obj/vectors.o
 .debug_line    0x00000226       0x53 build/obj/chcore.o
 .debug_line    0x00000279      0x1f9 build/obj/chcore_v7m.o
 .debug_line    0x00000472      0x110 build/obj/nvic.o
 .debug_line    0x00000582      0x1a6 build/obj/chsys.o
 .debug_line    0x00000728      0x149 build/obj/chvt.o
 .debug_line    0x00000871      0x341 build/obj/chschd.o
 .debug_line    0x00000bb2      0x34d build/obj/chthreads.o
 .debug_line    0x00000eff      0x1d3 build/obj/chregistry.o
 .debug_line    0x000010d2      0x357 build/obj/chsem.o
 .debug_line    0x00001429      0x34b build/obj/chmtx.o
 .debug_line    0x00001774      0x270 build/obj/chmboxes.o
 .debug_line    0x000019e4      0x16b build/obj/chmemcore.o
 .debug_line    0x00001b4f      0x275 build/obj/chheap.o
 .debug_line    0x00001dc4      0x208 build/obj/hal.o
 .debug_line    0x00001fcc      0x1d4 build/obj/pwm.o
 .debug_line    0x000021a0      0x3d4 build/obj/spi.o
 .debug_line    0x00002574      0x2f4 build/obj/uart.o
 .debug_line    0x00002868      0x3c0 build/obj/stm32_dma.o
 .debug_line    0x00002c28      0x1e7 build/obj/hal_lld.o
 .debug_line    0x00002e0f      0x1ee build/obj/pal_lld.o
 .debug_line    0x00002ffd      0x450 build/obj/spi_lld.o
 .debug_line    0x0000344d      0x27a build/obj/pwm_lld.o
 .debug_line    0x000036c7      0x4b4 build/obj/uart_lld.o
 .debug_line    0x00003b7b      0x14a build/obj/board.o
 .debug_line    0x00003cc5      0x566 build/obj/main.o

.debug_str      0x00000000     0x2313
 .debug_str     0x00000000      0x1de build/obj/crt0.o
                                0x212 (size before relaxing)
 .debug_str     0x000001de      0x13c build/obj/vectors.o
                                0x239 (size before relaxing)
 .debug_str     0x0000031a       0x2d build/obj/chcore.o
                                0x10c (size before relaxing)
 .debug_str     0x00000347      0x28f build/obj/chcore_v7m.o
                                0x397 (size before relaxing)
 .debug_str     0x000005d6       0xbb build/obj/nvic.o
                                0x203 (size before relaxing)
 .debug_str     0x00000691      0x1c3 build/obj/chsys.o
                                0x459 (size before relaxing)
 .debug_str     0x00000854       0x3f build/obj/chvt.o
                                0x18c (size before relaxing)
 .debug_str     0x00000893       0xf7 build/obj/chschd.o
                                0x3cd (size before relaxing)
 .debug_str     0x0000098a       0xec build/obj/chthreads.o
                                0x3e7 (size before relaxing)
 .debug_str     0x00000a76       0x42 build/obj/chregistry.o
                                0x3cf (size before relaxing)
 .debug_str     0x00000ab8       0xc8 build/obj/chsem.o
                                0x385 (size before relaxing)
 .debug_str     0x00000b80       0x91 build/obj/chmtx.o
                                0x33b (size before relaxing)
 .debug_str     0x00000c11       0xe2 build/obj/chmboxes.o
                                0x354 (size before relaxing)
 .debug_str     0x00000cf3       0x7b build/obj/chmemcore.o
                                0x177 (size before relaxing)
 .debug_str     0x00000d6e       0xbe build/obj/chheap.o
                                0x337 (size before relaxing)
 .debug_str     0x00000e2c      0x13a build/obj/hal.o
                                0x237 (size before relaxing)
 .debug_str     0x00000f66      0x167 build/obj/pwm.o
                                0x28f (size before relaxing)
 .debug_str     0x000010cd      0x29c build/obj/spi.o
                                0x571 (size before relaxing)
 .debug_str     0x00001369      0x206 build/obj/uart.o
                                0x3e7 (size before relaxing)
 .debug_str     0x0000156f      0x747 build/obj/stm32_dma.o
                                0x90d (size before relaxing)
 .debug_str     0x00001cb6       0xcb build/obj/hal_lld.o
                                0x31b (size before relaxing)
 .debug_str     0x00001d81       0x85 build/obj/pal_lld.o
                                0x37e (size before relaxing)
 .debug_str     0x00001e06      0x11c build/obj/spi_lld.o
                                0x67d (size before relaxing)
 .debug_str     0x00001f22       0xa1 build/obj/pwm_lld.o
                                0x3ce (size before relaxing)
 .debug_str     0x00001fc3      0x14d build/obj/uart_lld.o
                                0x572 (size before relaxing)
 .debug_str     0x00002110       0x34 build/obj/board.o
                                0x1d2 (size before relaxing)
 .debug_str     0x00002144      0x1cf build/obj/main.o
                                0x82a (size before relaxing)

.comment        0x00000000       0x30
 .comment       0x00000000       0x30 build/obj/crt0.o
                                 0x31 (size before relaxing)
 .comment       0x00000000       0x31 build/obj/vectors.o
 .comment       0x00000000       0x31 build/obj/chcore.o
 .comment       0x00000000       0x31 build/obj/chcore_v7m.o
 .comment       0x00000000       0x31 build/obj/nvic.o
 .comment       0x00000000       0x31 build/obj/chsys.o
 .comment       0x00000000       0x31 build/obj/chvt.o
 .comment       0x00000000       0x31 build/obj/chschd.o
 .comment       0x00000000       0x31 build/obj/chthreads.o
 .comment       0x00000000       0x31 build/obj/chregistry.o
 .comment       0x00000000       0x31 build/obj/chsem.o
 .comment       0x00000000       0x31 build/obj/chmtx.o
 .comment       0x00000000       0x31 build/obj/chmboxes.o
 .comment       0x00000000       0x31 build/obj/chmemcore.o
 .comment       0x00000000       0x31 build/obj/chheap.o
 .comment       0x00000000       0x31 build/obj/hal.o
 .comment       0x00000000       0x31 build/obj/pwm.o
 .comment       0x00000000       0x31 build/obj/spi.o
 .comment       0x00000000       0x31 build/obj/uart.o
 .comment       0x00000000       0x31 build/obj/stm32_dma.o
 .comment       0x00000000       0x31 build/obj/hal_lld.o
 .comment       0x00000000       0x31 build/obj/pal_lld.o
 .comment       0x00000000       0x31 build/obj/spi_lld.o
 .comment       0x00000000       0x31 build/obj/pwm_lld.o
 .comment       0x00000000       0x31 build/obj/uart_lld.o
 .comment       0x00000000       0x31 build/obj/board.o
 .comment       0x00000000       0x31 build/obj/main.o

.ARM.attributes
                0x00000000       0x33
 .ARM.attributes
                0x00000000       0x33 build/obj/crt0.o
 .ARM.attributes
                0x00000033       0x33 build/obj/vectors.o
 .ARM.attributes
                0x00000066       0x33 build/obj/chcore.o
 .ARM.attributes
                0x00000099       0x33 build/obj/chcore_v7m.o
 .ARM.attributes
                0x000000cc       0x33 build/obj/nvic.o
 .ARM.attributes
                0x000000ff       0x33 build/obj/chsys.o
 .ARM.attributes
                0x00000132       0x33 build/obj/chvt.o
 .ARM.attributes
                0x00000165       0x33 build/obj/chschd.o
 .ARM.attributes
                0x00000198       0x33 build/obj/chthreads.o
 .ARM.attributes
                0x000001cb       0x33 build/obj/chregistry.o
 .ARM.attributes
                0x000001fe       0x33 build/obj/chsem.o
 .ARM.attributes
                0x00000231       0x33 build/obj/chmtx.o
 .ARM.attributes
                0x00000264       0x33 build/obj/chmboxes.o
 .ARM.attributes
                0x00000297       0x33 build/obj/chmemcore.o
 .ARM.attributes
                0x000002ca       0x33 build/obj/chheap.o
 .ARM.attributes
                0x000002fd       0x33 build/obj/hal.o
 .ARM.attributes
                0x00000330       0x33 build/obj/pwm.o
 .ARM.attributes
                0x00000363       0x33 build/obj/spi.o
 .ARM.attributes
                0x00000396       0x33 build/obj/uart.o
 .ARM.attributes
                0x000003c9       0x33 build/obj/stm32_dma.o
 .ARM.attributes
                0x000003fc       0x33 build/obj/hal_lld.o
 .ARM.attributes
                0x0000042f       0x33 build/obj/pal_lld.o
 .ARM.attributes
                0x00000462       0x33 build/obj/spi_lld.o
 .ARM.attributes
                0x00000495       0x33 build/obj/pwm_lld.o
 .ARM.attributes
                0x000004c8       0x33 build/obj/uart_lld.o
 .ARM.attributes
                0x000004fb       0x33 build/obj/board.o
 .ARM.attributes
                0x0000052e       0x33 build/obj/main.o
 .ARM.attributes
                0x00000561       0x1b /home/lithium/Documents/arm-2011q3/bin/../lib/gcc/arm-none-eabi/4.6.1/thumb2/libgcc.a(_arm_addsubdf3.o)
 .ARM.attributes
                0x0000057c       0x1b /home/lithium/Documents/arm-2011q3/bin/../lib/gcc/arm-none-eabi/4.6.1/thumb2/libgcc.a(_arm_muldivdf3.o)
 .ARM.attributes
                0x00000597       0x1b /home/lithium/Documents/arm-2011q3/bin/../lib/gcc/arm-none-eabi/4.6.1/thumb2/libgcc.a(_arm_fixdfsi.o)

.debug_frame    0x00000000     0x1524
 .debug_frame   0x00000000       0x50 build/obj/crt0.o
 .debug_frame   0x00000050       0x20 build/obj/vectors.o
 .debug_frame   0x00000070       0x20 build/obj/chcore.o
 .debug_frame   0x00000090       0x98 build/obj/chcore_v7m.o
 .debug_frame   0x00000128       0x64 build/obj/nvic.o
 .debug_frame   0x0000018c       0x60 build/obj/chsys.o
 .debug_frame   0x000001ec       0x4c build/obj/chvt.o
 .debug_frame   0x00000238       0xec build/obj/chschd.o
 .debug_frame   0x00000324      0x160 build/obj/chthreads.o
 .debug_frame   0x00000484       0x3c build/obj/chregistry.o
 .debug_frame   0x000004c0      0x140 build/obj/chsem.o
 .debug_frame   0x00000600       0xec build/obj/chmtx.o
 .debug_frame   0x000006ec      0x154 build/obj/chmboxes.o
 .debug_frame   0x00000840       0x50 build/obj/chmemcore.o
 .debug_frame   0x00000890       0x98 build/obj/chheap.o
 .debug_frame   0x00000928       0x54 build/obj/hal.o
 .debug_frame   0x0000097c       0xb0 build/obj/pwm.o
 .debug_frame   0x00000a2c      0x1a8 build/obj/spi.o
 .debug_frame   0x00000bd4      0x148 build/obj/uart.o
 .debug_frame   0x00000d1c      0x244 build/obj/stm32_dma.o
 .debug_frame   0x00000f60       0x3c build/obj/hal_lld.o
 .debug_frame   0x00000f9c       0x4c build/obj/pal_lld.o
 .debug_frame   0x00000fe8      0x13c build/obj/spi_lld.o
 .debug_frame   0x00001124       0xc8 build/obj/pwm_lld.o
 .debug_frame   0x000011ec      0x18c build/obj/uart_lld.o
 .debug_frame   0x00001378       0x30 build/obj/board.o
 .debug_frame   0x000013a8      0x17c build/obj/main.o

Cross Reference Table

Symbol                                            File
BusFaultVector                                    build/obj/vectors.o
ControlPWM                                        build/obj/main.o
DebugMonitorVector                                build/obj/vectors.o
HardFaultVector                                   build/obj/vectors.o
MemManageVector                                   build/obj/vectors.o
NMIVector                                         build/obj/vectors.o
PWMD1                                             build/obj/pwm_lld.o
                                                  build/obj/main.o
PendSVVector                                      build/obj/vectors.o
ResetHandler                                      build/obj/crt0.o
                                                  build/obj/vectors.o
SPID2                                             build/obj/spi_lld.o
SVCallVector                                      build/obj/chcore_v7m.o
                                                  build/obj/vectors.o
SysTickVector                                     build/obj/chcore_v7m.o
                                                  build/obj/vectors.o
UARTD2                                            build/obj/uart_lld.o
                                                  build/obj/main.o
UARTD6                                            build/obj/uart_lld.o
                                                  build/obj/main.o
UsageFaultVector                                  build/obj/vectors.o
Vector100                                         build/obj/vectors.o
Vector104                                         build/obj/vectors.o
Vector108                                         build/obj/vectors.o
Vector10C                                         build/obj/vectors.o
Vector110                                         build/obj/vectors.o
Vector114                                         build/obj/vectors.o
Vector118                                         build/obj/vectors.o
Vector11C                                         build/obj/vectors.o
Vector120                                         build/obj/stm32_dma.o
                                                  build/obj/vectors.o
Vector124                                         build/obj/stm32_dma.o
                                                  build/obj/vectors.o
Vector128                                         build/obj/stm32_dma.o
                                                  build/obj/vectors.o
Vector12C                                         build/obj/stm32_dma.o
                                                  build/obj/vectors.o
Vector130                                         build/obj/stm32_dma.o
                                                  build/obj/vectors.o
Vector134                                         build/obj/vectors.o
Vector138                                         build/obj/vectors.o
Vector13C                                         build/obj/vectors.o
Vector140                                         build/obj/vectors.o
Vector144                                         build/obj/vectors.o
Vector148                                         build/obj/vectors.o
Vector14C                                         build/obj/vectors.o
Vector150                                         build/obj/stm32_dma.o
                                                  build/obj/vectors.o
Vector154                                         build/obj/stm32_dma.o
                                                  build/obj/vectors.o
Vector158                                         build/obj/stm32_dma.o
                                                  build/obj/vectors.o
Vector15C                                         build/obj/uart_lld.o
                                                  build/obj/vectors.o
Vector160                                         build/obj/vectors.o
Vector164                                         build/obj/vectors.o
Vector168                                         build/obj/vectors.o
Vector16C                                         build/obj/vectors.o
Vector170                                         build/obj/vectors.o
Vector174                                         build/obj/vectors.o
Vector178                                         build/obj/vectors.o
Vector17C                                         build/obj/vectors.o
Vector180                                         build/obj/vectors.o
Vector184                                         build/obj/vectors.o
Vector188                                         build/obj/vectors.o
Vector18C                                         build/obj/vectors.o
Vector190                                         build/obj/vectors.o
Vector194                                         build/obj/vectors.o
Vector198                                         build/obj/vectors.o
Vector19C                                         build/obj/vectors.o
Vector1A0                                         build/obj/vectors.o
Vector1A4                                         build/obj/vectors.o
Vector1A8                                         build/obj/vectors.o
Vector1C                                          build/obj/vectors.o
Vector20                                          build/obj/vectors.o
Vector24                                          build/obj/vectors.o
Vector28                                          build/obj/vectors.o
Vector34                                          build/obj/vectors.o
Vector40                                          build/obj/vectors.o
Vector44                                          build/obj/vectors.o
Vector48                                          build/obj/vectors.o
Vector4C                                          build/obj/vectors.o
Vector50                                          build/obj/vectors.o
Vector54                                          build/obj/vectors.o
Vector58                                          build/obj/vectors.o
Vector5C                                          build/obj/vectors.o
Vector60                                          build/obj/vectors.o
Vector64                                          build/obj/vectors.o
Vector68                                          build/obj/vectors.o
Vector6C                                          build/obj/stm32_dma.o
                                                  build/obj/vectors.o
Vector70                                          build/obj/stm32_dma.o
                                                  build/obj/vectors.o
Vector74                                          build/obj/stm32_dma.o
                                                  build/obj/vectors.o
Vector78                                          build/obj/stm32_dma.o
                                                  build/obj/vectors.o
Vector7C                                          build/obj/stm32_dma.o
                                                  build/obj/vectors.o
Vector80                                          build/obj/stm32_dma.o
                                                  build/obj/vectors.o
Vector84                                          build/obj/stm32_dma.o
                                                  build/obj/vectors.o
Vector88                                          build/obj/vectors.o
Vector8C                                          build/obj/vectors.o
Vector90                                          build/obj/vectors.o
Vector94                                          build/obj/vectors.o
Vector98                                          build/obj/vectors.o
Vector9C                                          build/obj/vectors.o
VectorA0                                          build/obj/vectors.o
VectorA4                                          build/obj/pwm_lld.o
                                                  build/obj/vectors.o
VectorA8                                          build/obj/vectors.o
VectorAC                                          build/obj/pwm_lld.o
                                                  build/obj/vectors.o
VectorB0                                          build/obj/vectors.o
VectorB4                                          build/obj/vectors.o
VectorB8                                          build/obj/vectors.o
VectorBC                                          build/obj/vectors.o
VectorC0                                          build/obj/vectors.o
VectorC4                                          build/obj/vectors.o
VectorC8                                          build/obj/vectors.o
VectorCC                                          build/obj/vectors.o
VectorD0                                          build/obj/vectors.o
VectorD4                                          build/obj/vectors.o
VectorD8                                          build/obj/uart_lld.o
                                                  build/obj/vectors.o
VectorDC                                          build/obj/vectors.o
VectorE0                                          build/obj/vectors.o
VectorE4                                          build/obj/vectors.o
VectorE8                                          build/obj/vectors.o
VectorEC                                          build/obj/vectors.o
VectorF0                                          build/obj/vectors.o
VectorF4                                          build/obj/vectors.o
VectorF8                                          build/obj/vectors.o
VectorFC                                          build/obj/stm32_dma.o
                                                  build/obj/vectors.o
__adddf3                                          /home/lithium/Documents/arm-2011q3/bin/../lib/gcc/arm-none-eabi/4.6.1/thumb2/libgcc.a(_arm_addsubdf3.o)
__aeabi_d2iz                                      /home/lithium/Documents/arm-2011q3/bin/../lib/gcc/arm-none-eabi/4.6.1/thumb2/libgcc.a(_arm_fixdfsi.o)
                                                  build/obj/main.o
__aeabi_dadd                                      /home/lithium/Documents/arm-2011q3/bin/../lib/gcc/arm-none-eabi/4.6.1/thumb2/libgcc.a(_arm_addsubdf3.o)
__aeabi_ddiv                                      /home/lithium/Documents/arm-2011q3/bin/../lib/gcc/arm-none-eabi/4.6.1/thumb2/libgcc.a(_arm_muldivdf3.o)
__aeabi_dmul                                      /home/lithium/Documents/arm-2011q3/bin/../lib/gcc/arm-none-eabi/4.6.1/thumb2/libgcc.a(_arm_muldivdf3.o)
                                                  build/obj/main.o
__aeabi_drsub                                     /home/lithium/Documents/arm-2011q3/bin/../lib/gcc/arm-none-eabi/4.6.1/thumb2/libgcc.a(_arm_addsubdf3.o)
__aeabi_dsub                                      /home/lithium/Documents/arm-2011q3/bin/../lib/gcc/arm-none-eabi/4.6.1/thumb2/libgcc.a(_arm_addsubdf3.o)
__aeabi_f2d                                       /home/lithium/Documents/arm-2011q3/bin/../lib/gcc/arm-none-eabi/4.6.1/thumb2/libgcc.a(_arm_addsubdf3.o)
__aeabi_i2d                                       /home/lithium/Documents/arm-2011q3/bin/../lib/gcc/arm-none-eabi/4.6.1/thumb2/libgcc.a(_arm_addsubdf3.o)
                                                  build/obj/main.o
__aeabi_l2d                                       /home/lithium/Documents/arm-2011q3/bin/../lib/gcc/arm-none-eabi/4.6.1/thumb2/libgcc.a(_arm_addsubdf3.o)
__aeabi_ui2d                                      /home/lithium/Documents/arm-2011q3/bin/../lib/gcc/arm-none-eabi/4.6.1/thumb2/libgcc.a(_arm_addsubdf3.o)
__aeabi_ul2d                                      /home/lithium/Documents/arm-2011q3/bin/../lib/gcc/arm-none-eabi/4.6.1/thumb2/libgcc.a(_arm_addsubdf3.o)
__divdf3                                          /home/lithium/Documents/arm-2011q3/bin/../lib/gcc/arm-none-eabi/4.6.1/thumb2/libgcc.a(_arm_muldivdf3.o)
__early_init                                      build/obj/board.o
                                                  build/obj/crt0.o
__extendsfdf2                                     /home/lithium/Documents/arm-2011q3/bin/../lib/gcc/arm-none-eabi/4.6.1/thumb2/libgcc.a(_arm_addsubdf3.o)
__fini_array_end                                  build/obj/crt0.o
__fini_array_start                                build/obj/crt0.o
__fixdfsi                                         /home/lithium/Documents/arm-2011q3/bin/../lib/gcc/arm-none-eabi/4.6.1/thumb2/libgcc.a(_arm_fixdfsi.o)
__floatdidf                                       /home/lithium/Documents/arm-2011q3/bin/../lib/gcc/arm-none-eabi/4.6.1/thumb2/libgcc.a(_arm_addsubdf3.o)
__floatsidf                                       /home/lithium/Documents/arm-2011q3/bin/../lib/gcc/arm-none-eabi/4.6.1/thumb2/libgcc.a(_arm_addsubdf3.o)
__floatundidf                                     /home/lithium/Documents/arm-2011q3/bin/../lib/gcc/arm-none-eabi/4.6.1/thumb2/libgcc.a(_arm_addsubdf3.o)
__floatunsidf                                     /home/lithium/Documents/arm-2011q3/bin/../lib/gcc/arm-none-eabi/4.6.1/thumb2/libgcc.a(_arm_addsubdf3.o)
__heap_base__                                     build/obj/chmemcore.o
__heap_end__                                      build/obj/chmemcore.o
__init_array_end                                  build/obj/crt0.o
__init_array_start                                build/obj/crt0.o
__late_init                                       build/obj/crt0.o
__main_stack_base__                               build/obj/crt0.o
__main_stack_end__                                build/obj/vectors.o
                                                  build/obj/crt0.o
__muldf3                                          /home/lithium/Documents/arm-2011q3/bin/../lib/gcc/arm-none-eabi/4.6.1/thumb2/libgcc.a(_arm_muldivdf3.o)
__process_stack_base__                            build/obj/crt0.o
__process_stack_end__                             build/obj/crt0.o
__subdf3                                          /home/lithium/Documents/arm-2011q3/bin/../lib/gcc/arm-none-eabi/4.6.1/thumb2/libgcc.a(_arm_addsubdf3.o)
_bss_end                                          build/obj/crt0.o
_bss_start                                        build/obj/crt0.o
_core_init                                        build/obj/chmemcore.o
                                                  build/obj/chsys.o
_data                                             build/obj/crt0.o
_default_exit                                     build/obj/crt0.o
_edata                                            build/obj/crt0.o
_heap_init                                        build/obj/chheap.o
                                                  build/obj/chsys.o
_idle_thread                                      build/obj/chsys.o
_idle_thread_wa                                   build/obj/chsys.o
_pal_lld_init                                     build/obj/pal_lld.o
                                                  build/obj/hal.o
_pal_lld_setgroupmode                             build/obj/pal_lld.o
                                                  build/obj/main.o
                                                  build/obj/pal.o
_port_init                                        build/obj/chcore_v7m.o
                                                  build/obj/chsys.o
_port_irq_epilogue                                build/obj/chcore_v7m.o
                                                  build/obj/uart_lld.o
                                                  build/obj/pwm_lld.o
                                                  build/obj/stm32_dma.o
_port_switch                                      build/obj/chcore_v7m.o
                                                  build/obj/chschd.o
_port_switch_from_isr                             build/obj/chcore_v7m.o
_port_thread_start                                build/obj/chcore_v7m.o
                                                  build/obj/chthreads.o
_scheduler_init                                   build/obj/chschd.o
                                                  build/obj/chsys.o
_stm32_dma_streams                                build/obj/stm32_dma.o
                                                  build/obj/uart_lld.o
                                                  build/obj/spi_lld.o
_textdata                                         build/obj/crt0.o
_thread_init                                      build/obj/chthreads.o
                                                  build/obj/chsys.o
_unhandled_exception                              build/obj/vectors.o
_vectors                                          build/obj/vectors.o
_vt_init                                          build/obj/chvt.o
                                                  build/obj/chsys.o
boardInit                                         build/obj/board.o
                                                  build/obj/hal.o
chCondBroadcast                                   build/obj/chcond.o
chCondBroadcastI                                  build/obj/chcond.o
chCondInit                                        build/obj/chcond.o
chCondSignal                                      build/obj/chcond.o
chCondSignalI                                     build/obj/chcond.o
chCondWait                                        build/obj/chcond.o
chCondWaitS                                       build/obj/chcond.o
chCondWaitTimeout                                 build/obj/chcond.o
chCondWaitTimeoutS                                build/obj/chcond.o
chCoreAlloc                                       build/obj/chmemcore.o
                                                  build/obj/chheap.o
chCoreAllocI                                      build/obj/chmemcore.o
chCoreStatus                                      build/obj/chmemcore.o
chEvtAddEvents                                    build/obj/chevents.o
chEvtBroadcastFlags                               build/obj/chevents.o
chEvtBroadcastFlagsI                              build/obj/chevents.o
chEvtDispatch                                     build/obj/chevents.o
chEvtGetAndClearEvents                            build/obj/chevents.o
chEvtGetAndClearFlags                             build/obj/chevents.o
chEvtGetAndClearFlagsI                            build/obj/chevents.o
chEvtRegisterMask                                 build/obj/chevents.o
chEvtSignal                                       build/obj/chevents.o
chEvtSignalI                                      build/obj/chevents.o
chEvtUnregister                                   build/obj/chevents.o
chEvtWaitAll                                      build/obj/chevents.o
chEvtWaitAllTimeout                               build/obj/chevents.o
chEvtWaitAny                                      build/obj/chevents.o
chEvtWaitAnyTimeout                               build/obj/chevents.o
chEvtWaitOne                                      build/obj/chevents.o
chEvtWaitOneTimeout                               build/obj/chevents.o
chHeapAlloc                                       build/obj/chheap.o
                                                  build/obj/chdynamic.o
chHeapFree                                        build/obj/chheap.o
                                                  build/obj/chdynamic.o
chHeapInit                                        build/obj/chheap.o
chHeapStatus                                      build/obj/chheap.o
chIQGetTimeout                                    build/obj/chqueues.o
chIQInit                                          build/obj/chqueues.o
chIQPutI                                          build/obj/chqueues.o
chIQReadTimeout                                   build/obj/chqueues.o
chIQResetI                                        build/obj/chqueues.o
chMBFetch                                         build/obj/chmboxes.o
                                                  build/obj/main.o
chMBFetchI                                        build/obj/chmboxes.o
chMBFetchS                                        build/obj/chmboxes.o
chMBInit                                          build/obj/chmboxes.o
                                                  build/obj/main.o
chMBPost                                          build/obj/chmboxes.o
chMBPostAhead                                     build/obj/chmboxes.o
chMBPostAheadI                                    build/obj/chmboxes.o
chMBPostAheadS                                    build/obj/chmboxes.o
chMBPostI                                         build/obj/chmboxes.o
                                                  build/obj/main.o
chMBPostS                                         build/obj/chmboxes.o
chMBReset                                         build/obj/chmboxes.o
chMsgRelease                                      build/obj/chmsg.o
chMsgSend                                         build/obj/chmsg.o
chMsgWait                                         build/obj/chmsg.o
chMtxInit                                         build/obj/chmtx.o
                                                  build/obj/spi.o
                                                  build/obj/chheap.o
chMtxLock                                         build/obj/chmtx.o
                                                  build/obj/spi.o
                                                  build/obj/chheap.o
chMtxLockS                                        build/obj/chmtx.o
                                                  build/obj/chcond.o
chMtxTryLock                                      build/obj/chmtx.o
chMtxTryLockS                                     build/obj/chmtx.o
chMtxUnlock                                       build/obj/chmtx.o
                                                  build/obj/spi.o
                                                  build/obj/chheap.o
chMtxUnlockAll                                    build/obj/chmtx.o
chMtxUnlockS                                      build/obj/chmtx.o
                                                  build/obj/chcond.o
chOQGetI                                          build/obj/chqueues.o
chOQInit                                          build/obj/chqueues.o
chOQPutTimeout                                    build/obj/chqueues.o
chOQResetI                                        build/obj/chqueues.o
chOQWriteTimeout                                  build/obj/chqueues.o
chPoolAlloc                                       build/obj/chmempools.o
                                                  build/obj/chdynamic.o
chPoolAllocI                                      build/obj/chmempools.o
chPoolFree                                        build/obj/chmempools.o
                                                  build/obj/chdynamic.o
chPoolFreeI                                       build/obj/chmempools.o
chPoolInit                                        build/obj/chmempools.o
chPoolLoadArray                                   build/obj/chmempools.o
chRegFirstThread                                  build/obj/chregistry.o
chRegNextThread                                   build/obj/chregistry.o
chSchDoReschedule                                 build/obj/chschd.o
                                                  build/obj/chcore_v7m.o
chSchDoRescheduleAhead                            build/obj/chschd.o
chSchDoRescheduleBehind                           build/obj/chschd.o
                                                  build/obj/chthreads.o
chSchGoSleepS                                     build/obj/chschd.o
                                                  build/obj/spi.o
                                                  build/obj/chmsg.o
                                                  build/obj/chevents.o
                                                  build/obj/chcond.o
                                                  build/obj/chmtx.o
                                                  build/obj/chsem.o
                                                  build/obj/chthreads.o
chSchGoSleepTimeoutS                              build/obj/chschd.o
                                                  build/obj/chqueues.o
                                                  build/obj/chevents.o
                                                  build/obj/chcond.o
                                                  build/obj/chsem.o
                                                  build/obj/chthreads.o
chSchReadyI                                       build/obj/chschd.o
                                                  build/obj/spi_lld.o
                                                  build/obj/chqueues.o
                                                  build/obj/chmsg.o
                                                  build/obj/chevents.o
                                                  build/obj/chcond.o
                                                  build/obj/chmtx.o
                                                  build/obj/chsem.o
                                                  build/obj/chthreads.o
chSchRescheduleS                                  build/obj/chschd.o
                                                  build/obj/chmboxes.o
                                                  build/obj/chevents.o
                                                  build/obj/chcond.o
                                                  build/obj/chmtx.o
                                                  build/obj/chsem.o
                                                  build/obj/chthreads.o
chSchWakeupS                                      build/obj/chschd.o
                                                  build/obj/chmsg.o
                                                  build/obj/chcond.o
                                                  build/obj/chmtx.o
                                                  build/obj/chsem.o
                                                  build/obj/chdynamic.o
                                                  build/obj/chthreads.o
chSemAddCounterI                                  build/obj/chsem.o
chSemInit                                         build/obj/chsem.o
                                                  build/obj/chmboxes.o
chSemReset                                        build/obj/chsem.o
chSemResetI                                       build/obj/chsem.o
                                                  build/obj/chmboxes.o
chSemSignal                                       build/obj/chsem.o
chSemSignalI                                      build/obj/chsem.o
                                                  build/obj/chmboxes.o
chSemSignalWait                                   build/obj/chsem.o
chSemWait                                         build/obj/chsem.o
chSemWaitS                                        build/obj/chsem.o
chSemWaitTimeout                                  build/obj/chsem.o
chSemWaitTimeoutS                                 build/obj/chsem.o
                                                  build/obj/chmboxes.o
chSysInit                                         build/obj/chsys.o
                                                  build/obj/main.o
chSysTimerHandlerI                                build/obj/chsys.o
                                                  build/obj/chcore_v7m.o
chThdAddRef                                       build/obj/chdynamic.o
chThdCreateFromHeap                               build/obj/chdynamic.o
chThdCreateFromMemoryPool                         build/obj/chdynamic.o
chThdCreateI                                      build/obj/chthreads.o
                                                  build/obj/chdynamic.o
chThdCreateStatic                                 build/obj/chthreads.o
                                                  build/obj/main.o
                                                  build/obj/chsys.o
chThdExit                                         build/obj/chthreads.o
                                                  build/obj/chcore_v7m.o
chThdExitS                                        build/obj/chthreads.o
chThdRelease                                      build/obj/chdynamic.o
                                                  build/obj/chregistry.o
                                                  build/obj/chthreads.o
chThdResume                                       build/obj/chthreads.o
chThdSetPriority                                  build/obj/chthreads.o
chThdSleep                                        build/obj/chthreads.o
                                                  build/obj/main.o
chThdSleepUntil                                   build/obj/chthreads.o
chThdTerminate                                    build/obj/chthreads.o
chThdWait                                         build/obj/chthreads.o
chThdYield                                        build/obj/chthreads.o
chVTResetI                                        build/obj/chvt.o
                                                  build/obj/chschd.o
chVTSetI                                          build/obj/chvt.o
                                                  build/obj/chschd.o
ch_debug                                          build/obj/chregistry.o
                                                  build/obj/chsys.o
chsnprintf                                        build/obj/chprintf.o
chvprintf                                         build/obj/chprintf.o
dmaInit                                           build/obj/stm32_dma.o
                                                  build/obj/hal_lld.o
dmaStreamAllocate                                 build/obj/stm32_dma.o
                                                  build/obj/uart_lld.o
                                                  build/obj/spi_lld.o
dmaStreamRelease                                  build/obj/stm32_dma.o
                                                  build/obj/uart_lld.o
                                                  build/obj/spi_lld.o
halInit                                           build/obj/hal.o
                                                  build/obj/main.o
halIsCounterWithin                                build/obj/hal.o
halPolledDelay                                    build/obj/hal.o
hal_lld_init                                      build/obj/hal_lld.o
                                                  build/obj/hal.o
lis302dlReadRegister                              build/obj/lis302dl.o
lis302dlWriteRegister                             build/obj/lis302dl.o
main                                              build/obj/main.o
                                                  build/obj/crt0.o
msObjectInit                                      build/obj/chprintf.o
nvicDisableVector                                 build/obj/nvic.o
                                                  build/obj/uart_lld.o
                                                  build/obj/pwm_lld.o
                                                  build/obj/stm32_dma.o
nvicEnableVector                                  build/obj/nvic.o
                                                  build/obj/uart_lld.o
                                                  build/obj/pwm_lld.o
                                                  build/obj/stm32_dma.o
nvicSetSystemHandlerPriority                      build/obj/nvic.o
                                                  build/obj/chcore_v7m.o
palReadBus                                        build/obj/pal.o
palSetBusMode                                     build/obj/pal.o
palWriteBus                                       build/obj/pal.o
pal_default_config                                build/obj/board.o
                                                  build/obj/hal.o
port_halt                                         build/obj/chcore.o
                                                  build/obj/uart_lld.o
                                                  build/obj/spi_lld.o
pwmChangePeriod                                   build/obj/pwm.o
pwmDisableChannel                                 build/obj/pwm.o
pwmEnableChannel                                  build/obj/pwm.o
                                                  build/obj/main.o
pwmInit                                           build/obj/pwm.o
                                                  build/obj/hal.o
pwmObjectInit                                     build/obj/pwm.o
                                                  build/obj/pwm_lld.o
pwmStart                                          build/obj/pwm.o
                                                  build/obj/main.o
pwmStop                                           build/obj/pwm.o
pwm_lld_disable_channel                           build/obj/pwm_lld.o
                                                  build/obj/pwm.o
pwm_lld_enable_channel                            build/obj/pwm_lld.o
                                                  build/obj/pwm.o
pwm_lld_init                                      build/obj/pwm_lld.o
                                                  build/obj/pwm.o
pwm_lld_start                                     build/obj/pwm_lld.o
                                                  build/obj/pwm.o
pwm_lld_stop                                      build/obj/pwm_lld.o
                                                  build/obj/pwm.o
rlist                                             build/obj/chschd.o
                                                  build/obj/spi.o
                                                  build/obj/chqueues.o
                                                  build/obj/chmsg.o
                                                  build/obj/chevents.o
                                                  build/obj/chcond.o
                                                  build/obj/chmtx.o
                                                  build/obj/chsem.o
                                                  build/obj/chregistry.o
                                                  build/obj/chthreads.o
                                                  build/obj/chsys.o
                                                  build/obj/chcore_v7m.o
spiAcquireBus                                     build/obj/spi.o
spiExchange                                       build/obj/spi.o
                                                  build/obj/lis302dl.o
spiIgnore                                         build/obj/spi.o
spiInit                                           build/obj/spi.o
                                                  build/obj/hal.o
spiObjectInit                                     build/obj/spi.o
                                                  build/obj/spi_lld.o
spiReceive                                        build/obj/spi.o
spiReleaseBus                                     build/obj/spi.o
spiSelect                                         build/obj/spi.o
                                                  build/obj/lis302dl.o
spiSend                                           build/obj/spi.o
                                                  build/obj/lis302dl.o
spiStart                                          build/obj/spi.o
spiStartExchange                                  build/obj/spi.o
spiStartIgnore                                    build/obj/spi.o
spiStartReceive                                   build/obj/spi.o
spiStartSend                                      build/obj/spi.o
spiStop                                           build/obj/spi.o
spiUnselect                                       build/obj/spi.o
                                                  build/obj/lis302dl.o
spi_lld_exchange                                  build/obj/spi_lld.o
                                                  build/obj/spi.o
spi_lld_ignore                                    build/obj/spi_lld.o
                                                  build/obj/spi.o
spi_lld_init                                      build/obj/spi_lld.o
                                                  build/obj/spi.o
spi_lld_polled_exchange                           build/obj/spi_lld.o
spi_lld_receive                                   build/obj/spi_lld.o
                                                  build/obj/spi.o
spi_lld_select                                    build/obj/spi_lld.o
                                                  build/obj/spi.o
spi_lld_send                                      build/obj/spi_lld.o
                                                  build/obj/spi.o
spi_lld_start                                     build/obj/spi_lld.o
                                                  build/obj/spi.o
spi_lld_stop                                      build/obj/spi_lld.o
                                                  build/obj/spi.o
spi_lld_unselect                                  build/obj/spi_lld.o
                                                  build/obj/spi.o
stm32_clock_init                                  build/obj/hal_lld.o
                                                  build/obj/board.o
uartInit                                          build/obj/uart.o
                                                  build/obj/hal.o
uartObjectInit                                    build/obj/uart.o
                                                  build/obj/uart_lld.o
uartStart                                         build/obj/uart.o
                                                  build/obj/main.o
uartStartReceive                                  build/obj/uart.o
                                                  build/obj/main.o
uartStartReceiveI                                 build/obj/uart.o
uartStartSend                                     build/obj/uart.o
                                                  build/obj/main.o
uartStartSendI                                    build/obj/uart.o
uartStop                                          build/obj/uart.o
uartStopReceive                                   build/obj/uart.o
                                                  build/obj/main.o
uartStopReceiveI                                  build/obj/uart.o
uartStopSend                                      build/obj/uart.o
                                                  build/obj/main.o
uartStopSendI                                     build/obj/uart.o
uart_lld_init                                     build/obj/uart_lld.o
                                                  build/obj/uart.o
uart_lld_start                                    build/obj/uart_lld.o
                                                  build/obj/uart.o
uart_lld_start_receive                            build/obj/uart_lld.o
                                                  build/obj/uart.o
uart_lld_start_send                               build/obj/uart_lld.o
                                                  build/obj/uart.o
uart_lld_stop                                     build/obj/uart_lld.o
                                                  build/obj/uart.o
uart_lld_stop_receive                             build/obj/uart_lld.o
                                                  build/obj/uart.o
uart_lld_stop_send                                build/obj/uart_lld.o
                                                  build/obj/uart.o
vtlist                                            build/obj/chvt.o
                                                  build/obj/chthreads.o
                                                  build/obj/chsys.o
